
> music-learning-tools@1.0.0 typecheck C:\Users\Owner\Documents\Quinn's stuff\music-learning-tools
> pnpm -r --if-present run typecheck

Scope: 14 of 15 workspace projects
apps/diatonic-compass typecheck$ tsc -p tsconfig.json
packages/types typecheck$ tsc --noEmit
packages/types typecheck: Done
apps/diatonic-compass typecheck: Done
packages/student-notation-engine typecheck$ tsc --noEmit
packages/student-notation-engine typecheck: Done
apps/student-notation typecheck$ tsc --noEmit
packages/ui-components typecheck$ svelte-check --tsconfig ./tsconfig.json
packages/ui-components typecheck: Loading svelte-check in workspace: c:\Users\Owner\Documents\Quinn's stuff\music-learning-tools\packages\ui-components
packages/ui-components typecheck: Getting Svelte diagnostics...
packages/ui-components typecheck: [32msvelte-check found 0 errors and 0 warnings
packages/ui-components typecheck: [39m
packages/ui-components typecheck: Done
apps/student-notation typecheck: Done
apps/singing-trainer typecheck$ svelte-check --tsconfig ./tsconfig.json
apps/singing-trainer typecheck: Loading svelte-check in workspace: c:\Users\Owner\Documents\Quinn's stuff\music-learning-tools\apps\singing-trainer
apps/singing-trainer typecheck: Getting Svelte diagnostics...
apps/singing-trainer typecheck: [32msvelte-check found 0 errors and 0 warnings
apps/singing-trainer typecheck: [39m
apps/singing-trainer typecheck: Done
